[2025-04-30 08:40:14] local.ERROR: SQLSTATE[23000]: Integrity constraint violation: 1062 Duplicate entry 'hashceo001' for key 'PRIMARY' (Connection: mysql, SQL: insert into `staff_accounts` (`staff_account_id`, `updated_at`, `created_at`) values (hashceo001, 2025-04-30 08:40:14, 2025-04-30 08:40:14)) {"exception":"[object] (Illuminate\\Database\\QueryException(code: 23000): SQLSTATE[23000]: Integrity constraint violation: 1062 Duplicate entry 'hashceo001' for key 'PRIMARY' (Connection: mysql, SQL: insert into `staff_accounts` (`staff_account_id`, `updated_at`, `created_at`) values (hashceo001, 2025-04-30 08:40:14, 2025-04-30 08:40:14)) at C:\\Users\\babal\\Dropbox\\PC\\Desktop\\Food-Ordering-System-main\\vendor\\laravel\\framework\\src\\Illuminate\\Database\\Connection.php:795)
[stacktrace]
#0 C:\\Users\\babal\\Dropbox\\PC\\Desktop\\Food-Ordering-System-main\\vendor\\laravel\\framework\\src\\Illuminate\\Database\\Connection.php(755): Illuminate\\Database\\Connection->runQueryCallback('insert into `st...', Array, Object(Closure))
#1 C:\\Users\\babal\\Dropbox\\PC\\Desktop\\Food-Ordering-System-main\\vendor\\laravel\\framework\\src\\Illuminate\\Database\\Connection.php(569): Illuminate\\Database\\Connection->run('insert into `st...', Array, Object(Closure))
#2 C:\\Users\\babal\\Dropbox\\PC\\Desktop\\Food-Ordering-System-main\\vendor\\laravel\\framework\\src\\Illuminate\\Database\\Connection.php(533): Illuminate\\Database\\Connection->statement('insert into `st...', Array)
#3 C:\\Users\\babal\\Dropbox\\PC\\Desktop\\Food-Ordering-System-main\\vendor\\laravel\\framework\\src\\Illuminate\\Database\\Query\\Processors\\Processor.php(32): Illuminate\\Database\\Connection->insert('insert into `st...', Array)
#4 C:\\Users\\babal\\Dropbox\\PC\\Desktop\\Food-Ordering-System-main\\vendor\\laravel\\framework\\src\\Illuminate\\Database\\Query\\Builder.php(3383): Illuminate\\Database\\Query\\Processors\\Processor->processInsertGetId(Object(Illuminate\\Database\\Query\\Builder), 'insert into `st...', Array, 'id')
#5 C:\\Users\\babal\\Dropbox\\PC\\Desktop\\Food-Ordering-System-main\\vendor\\laravel\\framework\\src\\Illuminate\\Database\\Eloquent\\Builder.php(1925): Illuminate\\Database\\Query\\Builder->insertGetId(Array, 'id')
#6 C:\\Users\\babal\\Dropbox\\PC\\Desktop\\Food-Ordering-System-main\\vendor\\laravel\\framework\\src\\Illuminate\\Database\\Eloquent\\Model.php(1333): Illuminate\\Database\\Eloquent\\Builder->__call('insertGetId', Array)
#7 C:\\Users\\babal\\Dropbox\\PC\\Desktop\\Food-Ordering-System-main\\vendor\\laravel\\framework\\src\\Illuminate\\Database\\Eloquent\\Model.php(1298): Illuminate\\Database\\Eloquent\\Model->insertAndSetId(Object(Illuminate\\Database\\Eloquent\\Builder), Array)
#8 C:\\Users\\babal\\Dropbox\\PC\\Desktop\\Food-Ordering-System-main\\vendor\\laravel\\framework\\src\\Illuminate\\Database\\Eloquent\\Model.php(1137): Illuminate\\Database\\Eloquent\\Model->performInsert(Object(Illuminate\\Database\\Eloquent\\Builder))
#9 C:\\Users\\babal\\Dropbox\\PC\\Desktop\\Food-Ordering-System-main\\vendor\\laravel\\framework\\src\\Illuminate\\Database\\Eloquent\\Builder.php(1006): Illuminate\\Database\\Eloquent\\Model->save()
#10 C:\\Users\\babal\\Dropbox\\PC\\Desktop\\Food-Ordering-System-main\\vendor\\laravel\\framework\\src\\Illuminate\\Support\\helpers.php(307): Illuminate\\Database\\Eloquent\\Builder->Illuminate\\Database\\Eloquent\\{closure}(Object(App\\Models\\StaffAccount))
#11 C:\\Users\\babal\\Dropbox\\PC\\Desktop\\Food-Ordering-System-main\\vendor\\laravel\\framework\\src\\Illuminate\\Database\\Eloquent\\Builder.php(1005): tap(Object(App\\Models\\StaffAccount), Object(Closure))
#12 C:\\Users\\babal\\Dropbox\\PC\\Desktop\\Food-Ordering-System-main\\vendor\\laravel\\framework\\src\\Illuminate\\Support\\Traits\\ForwardsCalls.php(23): Illuminate\\Database\\Eloquent\\Builder->create(Array)
#13 C:\\Users\\babal\\Dropbox\\PC\\Desktop\\Food-Ordering-System-main\\vendor\\laravel\\framework\\src\\Illuminate\\Database\\Eloquent\\Model.php(2333): Illuminate\\Database\\Eloquent\\Model->forwardCallTo(Object(Illuminate\\Database\\Eloquent\\Builder), 'create', Array)
#14 C:\\Users\\babal\\Dropbox\\PC\\Desktop\\Food-Ordering-System-main\\vendor\\laravel\\framework\\src\\Illuminate\\Database\\Eloquent\\Model.php(2345): Illuminate\\Database\\Eloquent\\Model->__call('create', Array)
#15 C:\\Users\\babal\\Dropbox\\PC\\Desktop\\Food-Ordering-System-main\\database\\seeders\\StaffAccountSeeder.php(24): Illuminate\\Database\\Eloquent\\Model::__callStatic('create', Array)
#16 C:\\Users\\babal\\Dropbox\\PC\\Desktop\\Food-Ordering-System-main\\vendor\\laravel\\framework\\src\\Illuminate\\Container\\BoundMethod.php(36): Database\\Seeders\\StaffAccountSeeder->run()
#17 C:\\Users\\babal\\Dropbox\\PC\\Desktop\\Food-Ordering-System-main\\vendor\\laravel\\framework\\src\\Illuminate\\Container\\Util.php(41): Illuminate\\Container\\BoundMethod::Illuminate\\Container\\{closure}()
#18 C:\\Users\\babal\\Dropbox\\PC\\Desktop\\Food-Ordering-System-main\\vendor\\laravel\\framework\\src\\Illuminate\\Container\\BoundMethod.php(93): Illuminate\\Container\\Util::unwrapIfClosure(Object(Closure))
#19 C:\\Users\\babal\\Dropbox\\PC\\Desktop\\Food-Ordering-System-main\\vendor\\laravel\\framework\\src\\Illuminate\\Container\\BoundMethod.php(35): Illuminate\\Container\\BoundMethod::callBoundMethod(Object(Illuminate\\Foundation\\Application), Array, Object(Closure))
#20 C:\\Users\\babal\\Dropbox\\PC\\Desktop\\Food-Ordering-System-main\\vendor\\laravel\\framework\\src\\Illuminate\\Container\\Container.php(662): Illuminate\\Container\\BoundMethod::call(Object(Illuminate\\Foundation\\Application), Array, Array, NULL)
#21 C:\\Users\\babal\\Dropbox\\PC\\Desktop\\Food-Ordering-System-main\\vendor\\laravel\\framework\\src\\Illuminate\\Database\\Seeder.php(184): Illuminate\\Container\\Container->call(Array, Array)
#22 C:\\Users\\babal\\Dropbox\\PC\\Desktop\\Food-Ordering-System-main\\vendor\\laravel\\framework\\src\\Illuminate\\Database\\Seeder.php(193): Illuminate\\Database\\Seeder->Illuminate\\Database\\{closure}()
#23 C:\\Users\\babal\\Dropbox\\PC\\Desktop\\Food-Ordering-System-main\\vendor\\laravel\\framework\\src\\Illuminate\\Database\\Seeder.php(61): Illuminate\\Database\\Seeder->__invoke(Array)
#24 C:\\Users\\babal\\Dropbox\\PC\\Desktop\\Food-Ordering-System-main\\database\\seeders\\DatabaseSeeder.php(22): Illuminate\\Database\\Seeder->call('Database\\\\Seeder...')
#25 C:\\Users\\babal\\Dropbox\\PC\\Desktop\\Food-Ordering-System-main\\vendor\\laravel\\framework\\src\\Illuminate\\Container\\BoundMethod.php(36): Database\\Seeders\\DatabaseSeeder->run()
#26 C:\\Users\\babal\\Dropbox\\PC\\Desktop\\Food-Ordering-System-main\\vendor\\laravel\\framework\\src\\Illuminate\\Container\\Util.php(41): Illuminate\\Container\\BoundMethod::Illuminate\\Container\\{closure}()
#27 C:\\Users\\babal\\Dropbox\\PC\\Desktop\\Food-Ordering-System-main\\vendor\\laravel\\framework\\src\\Illuminate\\Container\\BoundMethod.php(93): Illuminate\\Container\\Util::unwrapIfClosure(Object(Closure))
#28 C:\\Users\\babal\\Dropbox\\PC\\Desktop\\Food-Ordering-System-main\\vendor\\laravel\\framework\\src\\Illuminate\\Container\\BoundMethod.php(35): Illuminate\\Container\\BoundMethod::callBoundMethod(Object(Illuminate\\Foundation\\Application), Array, Object(Closure))
#29 C:\\Users\\babal\\Dropbox\\PC\\Desktop\\Food-Ordering-System-main\\vendor\\laravel\\framework\\src\\Illuminate\\Container\\Container.php(662): Illuminate\\Container\\BoundMethod::call(Object(Illuminate\\Foundation\\Application), Array, Array, NULL)
#30 C:\\Users\\babal\\Dropbox\\PC\\Desktop\\Food-Ordering-System-main\\vendor\\laravel\\framework\\src\\Illuminate\\Database\\Seeder.php(184): Illuminate\\Container\\Container->call(Array, Array)
#31 C:\\Users\\babal\\Dropbox\\PC\\Desktop\\Food-Ordering-System-main\\vendor\\laravel\\framework\\src\\Illuminate\\Database\\Seeder.php(193): Illuminate\\Database\\Seeder->Illuminate\\Database\\{closure}()
#32 C:\\Users\\babal\\Dropbox\\PC\\Desktop\\Food-Ordering-System-main\\vendor\\laravel\\framework\\src\\Illuminate\\Database\\Console\\Seeds\\SeedCommand.php(70): Illuminate\\Database\\Seeder->__invoke()
#33 C:\\Users\\babal\\Dropbox\\PC\\Desktop\\Food-Ordering-System-main\\vendor\\laravel\\framework\\src\\Illuminate\\Database\\Eloquent\\Concerns\\GuardsAttributes.php(155): Illuminate\\Database\\Console\\Seeds\\SeedCommand->Illuminate\\Database\\Console\\Seeds\\{closure}()
#34 C:\\Users\\babal\\Dropbox\\PC\\Desktop\\Food-Ordering-System-main\\vendor\\laravel\\framework\\src\\Illuminate\\Database\\Console\\Seeds\\SeedCommand.php(69): Illuminate\\Database\\Eloquent\\Model::unguarded(Object(Closure))
#35 C:\\Users\\babal\\Dropbox\\PC\\Desktop\\Food-Ordering-System-main\\vendor\\laravel\\framework\\src\\Illuminate\\Container\\BoundMethod.php(36): Illuminate\\Database\\Console\\Seeds\\SeedCommand->handle()
#36 C:\\Users\\babal\\Dropbox\\PC\\Desktop\\Food-Ordering-System-main\\vendor\\laravel\\framework\\src\\Illuminate\\Container\\Util.php(41): Illuminate\\Container\\BoundMethod::Illuminate\\Container\\{closure}()
#37 C:\\Users\\babal\\Dropbox\\PC\\Desktop\\Food-Ordering-System-main\\vendor\\laravel\\framework\\src\\Illuminate\\Container\\BoundMethod.php(93): Illuminate\\Container\\Util::unwrapIfClosure(Object(Closure))
#38 C:\\Users\\babal\\Dropbox\\PC\\Desktop\\Food-Ordering-System-main\\vendor\\laravel\\framework\\src\\Illuminate\\Container\\BoundMethod.php(35): Illuminate\\Container\\BoundMethod::callBoundMethod(Object(Illuminate\\Foundation\\Application), Array, Object(Closure))
#39 C:\\Users\\babal\\Dropbox\\PC\\Desktop\\Food-Ordering-System-main\\vendor\\laravel\\framework\\src\\Illuminate\\Container\\Container.php(662): Illuminate\\Container\\BoundMethod::call(Object(Illuminate\\Foundation\\Application), Array, Array, NULL)
#40 C:\\Users\\babal\\Dropbox\\PC\\Desktop\\Food-Ordering-System-main\\vendor\\laravel\\framework\\src\\Illuminate\\Console\\Command.php(211): Illuminate\\Container\\Container->call(Array)
#41 C:\\Users\\babal\\Dropbox\\PC\\Desktop\\Food-Ordering-System-main\\vendor\\symfony\\console\\Command\\Command.php(326): Illuminate\\Console\\Command->execute(Object(Symfony\\Component\\Console\\Input\\ArgvInput), Object(Illuminate\\Console\\OutputStyle))
#42 C:\\Users\\babal\\Dropbox\\PC\\Desktop\\Food-Ordering-System-main\\vendor\\laravel\\framework\\src\\Illuminate\\Console\\Command.php(180): Symfony\\Component\\Console\\Command\\Command->run(Object(Symfony\\Component\\Console\\Input\\ArgvInput), Object(Illuminate\\Console\\OutputStyle))
#43 C:\\Users\\babal\\Dropbox\\PC\\Desktop\\Food-Ordering-System-main\\vendor\\symfony\\console\\Application.php(1081): Illuminate\\Console\\Command->run(Object(Symfony\\Component\\Console\\Input\\ArgvInput), Object(Symfony\\Component\\Console\\Output\\ConsoleOutput))
#44 C:\\Users\\babal\\Dropbox\\PC\\Desktop\\Food-Ordering-System-main\\vendor\\symfony\\console\\Application.php(320): Symfony\\Component\\Console\\Application->doRunCommand(Object(Illuminate\\Database\\Console\\Seeds\\SeedCommand), Object(Symfony\\Component\\Console\\Input\\ArgvInput), Object(Symfony\\Component\\Console\\Output\\ConsoleOutput))
#45 C:\\Users\\babal\\Dropbox\\PC\\Desktop\\Food-Ordering-System-main\\vendor\\symfony\\console\\Application.php(174): Symfony\\Component\\Console\\Application->doRun(Object(Symfony\\Component\\Console\\Input\\ArgvInput), Object(Symfony\\Component\\Console\\Output\\ConsoleOutput))
#46 C:\\Users\\babal\\Dropbox\\PC\\Desktop\\Food-Ordering-System-main\\vendor\\laravel\\framework\\src\\Illuminate\\Foundation\\Console\\Kernel.php(201): Symfony\\Component\\Console\\Application->run(Object(Symfony\\Component\\Console\\Input\\ArgvInput), Object(Symfony\\Component\\Console\\Output\\ConsoleOutput))
#47 C:\\Users\\babal\\Dropbox\\PC\\Desktop\\Food-Ordering-System-main\\artisan(35): Illuminate\\Foundation\\Console\\Kernel->handle(Object(Symfony\\Component\\Console\\Input\\ArgvInput), Object(Symfony\\Component\\Console\\Output\\ConsoleOutput))
#48 {main}

[previous exception] [object] (PDOException(code: 23000): SQLSTATE[23000]: Integrity constraint violation: 1062 Duplicate entry 'hashceo001' for key 'PRIMARY' at C:\\Users\\babal\\Dropbox\\PC\\Desktop\\Food-Ordering-System-main\\vendor\\laravel\\framework\\src\\Illuminate\\Database\\Connection.php:580)
[stacktrace]
#0 C:\\Users\\babal\\Dropbox\\PC\\Desktop\\Food-Ordering-System-main\\vendor\\laravel\\framework\\src\\Illuminate\\Database\\Connection.php(580): PDOStatement->execute()
#1 C:\\Users\\babal\\Dropbox\\PC\\Desktop\\Food-Ordering-System-main\\vendor\\laravel\\framework\\src\\Illuminate\\Database\\Connection.php(788): Illuminate\\Database\\Connection->Illuminate\\Database\\{closure}('insert into `st...', Array)
#2 C:\\Users\\babal\\Dropbox\\PC\\Desktop\\Food-Ordering-System-main\\vendor\\laravel\\framework\\src\\Illuminate\\Database\\Connection.php(755): Illuminate\\Database\\Connection->runQueryCallback('insert into `st...', Array, Object(Closure))
#3 C:\\Users\\babal\\Dropbox\\PC\\Desktop\\Food-Ordering-System-main\\vendor\\laravel\\framework\\src\\Illuminate\\Database\\Connection.php(569): Illuminate\\Database\\Connection->run('insert into `st...', Array, Object(Closure))
#4 C:\\Users\\babal\\Dropbox\\PC\\Desktop\\Food-Ordering-System-main\\vendor\\laravel\\framework\\src\\Illuminate\\Database\\Connection.php(533): Illuminate\\Database\\Connection->statement('insert into `st...', Array)
#5 C:\\Users\\babal\\Dropbox\\PC\\Desktop\\Food-Ordering-System-main\\vendor\\laravel\\framework\\src\\Illuminate\\Database\\Query\\Processors\\Processor.php(32): Illuminate\\Database\\Connection->insert('insert into `st...', Array)
#6 C:\\Users\\babal\\Dropbox\\PC\\Desktop\\Food-Ordering-System-main\\vendor\\laravel\\framework\\src\\Illuminate\\Database\\Query\\Builder.php(3383): Illuminate\\Database\\Query\\Processors\\Processor->processInsertGetId(Object(Illuminate\\Database\\Query\\Builder), 'insert into `st...', Array, 'id')
#7 C:\\Users\\babal\\Dropbox\\PC\\Desktop\\Food-Ordering-System-main\\vendor\\laravel\\framework\\src\\Illuminate\\Database\\Eloquent\\Builder.php(1925): Illuminate\\Database\\Query\\Builder->insertGetId(Array, 'id')
#8 C:\\Users\\babal\\Dropbox\\PC\\Desktop\\Food-Ordering-System-main\\vendor\\laravel\\framework\\src\\Illuminate\\Database\\Eloquent\\Model.php(1333): Illuminate\\Database\\Eloquent\\Builder->__call('insertGetId', Array)
#9 C:\\Users\\babal\\Dropbox\\PC\\Desktop\\Food-Ordering-System-main\\vendor\\laravel\\framework\\src\\Illuminate\\Database\\Eloquent\\Model.php(1298): Illuminate\\Database\\Eloquent\\Model->insertAndSetId(Object(Illuminate\\Database\\Eloquent\\Builder), Array)
#10 C:\\Users\\babal\\Dropbox\\PC\\Desktop\\Food-Ordering-System-main\\vendor\\laravel\\framework\\src\\Illuminate\\Database\\Eloquent\\Model.php(1137): Illuminate\\Database\\Eloquent\\Model->performInsert(Object(Illuminate\\Database\\Eloquent\\Builder))
#11 C:\\Users\\babal\\Dropbox\\PC\\Desktop\\Food-Ordering-System-main\\vendor\\laravel\\framework\\src\\Illuminate\\Database\\Eloquent\\Builder.php(1006): Illuminate\\Database\\Eloquent\\Model->save()
#12 C:\\Users\\babal\\Dropbox\\PC\\Desktop\\Food-Ordering-System-main\\vendor\\laravel\\framework\\src\\Illuminate\\Support\\helpers.php(307): Illuminate\\Database\\Eloquent\\Builder->Illuminate\\Database\\Eloquent\\{closure}(Object(App\\Models\\StaffAccount))
#13 C:\\Users\\babal\\Dropbox\\PC\\Desktop\\Food-Ordering-System-main\\vendor\\laravel\\framework\\src\\Illuminate\\Database\\Eloquent\\Builder.php(1005): tap(Object(App\\Models\\StaffAccount), Object(Closure))
#14 C:\\Users\\babal\\Dropbox\\PC\\Desktop\\Food-Ordering-System-main\\vendor\\laravel\\framework\\src\\Illuminate\\Support\\Traits\\ForwardsCalls.php(23): Illuminate\\Database\\Eloquent\\Builder->create(Array)
#15 C:\\Users\\babal\\Dropbox\\PC\\Desktop\\Food-Ordering-System-main\\vendor\\laravel\\framework\\src\\Illuminate\\Database\\Eloquent\\Model.php(2333): Illuminate\\Database\\Eloquent\\Model->forwardCallTo(Object(Illuminate\\Database\\Eloquent\\Builder), 'create', Array)
#16 C:\\Users\\babal\\Dropbox\\PC\\Desktop\\Food-Ordering-System-main\\vendor\\laravel\\framework\\src\\Illuminate\\Database\\Eloquent\\Model.php(2345): Illuminate\\Database\\Eloquent\\Model->__call('create', Array)
#17 C:\\Users\\babal\\Dropbox\\PC\\Desktop\\Food-Ordering-System-main\\database\\seeders\\StaffAccountSeeder.php(24): Illuminate\\Database\\Eloquent\\Model::__callStatic('create', Array)
#18 C:\\Users\\babal\\Dropbox\\PC\\Desktop\\Food-Ordering-System-main\\vendor\\laravel\\framework\\src\\Illuminate\\Container\\BoundMethod.php(36): Database\\Seeders\\StaffAccountSeeder->run()
#19 C:\\Users\\babal\\Dropbox\\PC\\Desktop\\Food-Ordering-System-main\\vendor\\laravel\\framework\\src\\Illuminate\\Container\\Util.php(41): Illuminate\\Container\\BoundMethod::Illuminate\\Container\\{closure}()
#20 C:\\Users\\babal\\Dropbox\\PC\\Desktop\\Food-Ordering-System-main\\vendor\\laravel\\framework\\src\\Illuminate\\Container\\BoundMethod.php(93): Illuminate\\Container\\Util::unwrapIfClosure(Object(Closure))
#21 C:\\Users\\babal\\Dropbox\\PC\\Desktop\\Food-Ordering-System-main\\vendor\\laravel\\framework\\src\\Illuminate\\Container\\BoundMethod.php(35): Illuminate\\Container\\BoundMethod::callBoundMethod(Object(Illuminate\\Foundation\\Application), Array, Object(Closure))
#22 C:\\Users\\babal\\Dropbox\\PC\\Desktop\\Food-Ordering-System-main\\vendor\\laravel\\framework\\src\\Illuminate\\Container\\Container.php(662): Illuminate\\Container\\BoundMethod::call(Object(Illuminate\\Foundation\\Application), Array, Array, NULL)
#23 C:\\Users\\babal\\Dropbox\\PC\\Desktop\\Food-Ordering-System-main\\vendor\\laravel\\framework\\src\\Illuminate\\Database\\Seeder.php(184): Illuminate\\Container\\Container->call(Array, Array)
#24 C:\\Users\\babal\\Dropbox\\PC\\Desktop\\Food-Ordering-System-main\\vendor\\laravel\\framework\\src\\Illuminate\\Database\\Seeder.php(193): Illuminate\\Database\\Seeder->Illuminate\\Database\\{closure}()
#25 C:\\Users\\babal\\Dropbox\\PC\\Desktop\\Food-Ordering-System-main\\vendor\\laravel\\framework\\src\\Illuminate\\Database\\Seeder.php(61): Illuminate\\Database\\Seeder->__invoke(Array)
#26 C:\\Users\\babal\\Dropbox\\PC\\Desktop\\Food-Ordering-System-main\\database\\seeders\\DatabaseSeeder.php(22): Illuminate\\Database\\Seeder->call('Database\\\\Seeder...')
#27 C:\\Users\\babal\\Dropbox\\PC\\Desktop\\Food-Ordering-System-main\\vendor\\laravel\\framework\\src\\Illuminate\\Container\\BoundMethod.php(36): Database\\Seeders\\DatabaseSeeder->run()
#28 C:\\Users\\babal\\Dropbox\\PC\\Desktop\\Food-Ordering-System-main\\vendor\\laravel\\framework\\src\\Illuminate\\Container\\Util.php(41): Illuminate\\Container\\BoundMethod::Illuminate\\Container\\{closure}()
#29 C:\\Users\\babal\\Dropbox\\PC\\Desktop\\Food-Ordering-System-main\\vendor\\laravel\\framework\\src\\Illuminate\\Container\\BoundMethod.php(93): Illuminate\\Container\\Util::unwrapIfClosure(Object(Closure))
#30 C:\\Users\\babal\\Dropbox\\PC\\Desktop\\Food-Ordering-System-main\\vendor\\laravel\\framework\\src\\Illuminate\\Container\\BoundMethod.php(35): Illuminate\\Container\\BoundMethod::callBoundMethod(Object(Illuminate\\Foundation\\Application), Array, Object(Closure))
#31 C:\\Users\\babal\\Dropbox\\PC\\Desktop\\Food-Ordering-System-main\\vendor\\laravel\\framework\\src\\Illuminate\\Container\\Container.php(662): Illuminate\\Container\\BoundMethod::call(Object(Illuminate\\Foundation\\Application), Array, Array, NULL)
#32 C:\\Users\\babal\\Dropbox\\PC\\Desktop\\Food-Ordering-System-main\\vendor\\laravel\\framework\\src\\Illuminate\\Database\\Seeder.php(184): Illuminate\\Container\\Container->call(Array, Array)
#33 C:\\Users\\babal\\Dropbox\\PC\\Desktop\\Food-Ordering-System-main\\vendor\\laravel\\framework\\src\\Illuminate\\Database\\Seeder.php(193): Illuminate\\Database\\Seeder->Illuminate\\Database\\{closure}()
#34 C:\\Users\\babal\\Dropbox\\PC\\Desktop\\Food-Ordering-System-main\\vendor\\laravel\\framework\\src\\Illuminate\\Database\\Console\\Seeds\\SeedCommand.php(70): Illuminate\\Database\\Seeder->__invoke()
#35 C:\\Users\\babal\\Dropbox\\PC\\Desktop\\Food-Ordering-System-main\\vendor\\laravel\\framework\\src\\Illuminate\\Database\\Eloquent\\Concerns\\GuardsAttributes.php(155): Illuminate\\Database\\Console\\Seeds\\SeedCommand->Illuminate\\Database\\Console\\Seeds\\{closure}()
#36 C:\\Users\\babal\\Dropbox\\PC\\Desktop\\Food-Ordering-System-main\\vendor\\laravel\\framework\\src\\Illuminate\\Database\\Console\\Seeds\\SeedCommand.php(69): Illuminate\\Database\\Eloquent\\Model::unguarded(Object(Closure))
#37 C:\\Users\\babal\\Dropbox\\PC\\Desktop\\Food-Ordering-System-main\\vendor\\laravel\\framework\\src\\Illuminate\\Container\\BoundMethod.php(36): Illuminate\\Database\\Console\\Seeds\\SeedCommand->handle()
#38 C:\\Users\\babal\\Dropbox\\PC\\Desktop\\Food-Ordering-System-main\\vendor\\laravel\\framework\\src\\Illuminate\\Container\\Util.php(41): Illuminate\\Container\\BoundMethod::Illuminate\\Container\\{closure}()
#39 C:\\Users\\babal\\Dropbox\\PC\\Desktop\\Food-Ordering-System-main\\vendor\\laravel\\framework\\src\\Illuminate\\Container\\BoundMethod.php(93): Illuminate\\Container\\Util::unwrapIfClosure(Object(Closure))
#40 C:\\Users\\babal\\Dropbox\\PC\\Desktop\\Food-Ordering-System-main\\vendor\\laravel\\framework\\src\\Illuminate\\Container\\BoundMethod.php(35): Illuminate\\Container\\BoundMethod::callBoundMethod(Object(Illuminate\\Foundation\\Application), Array, Object(Closure))
#41 C:\\Users\\babal\\Dropbox\\PC\\Desktop\\Food-Ordering-System-main\\vendor\\laravel\\framework\\src\\Illuminate\\Container\\Container.php(662): Illuminate\\Container\\BoundMethod::call(Object(Illuminate\\Foundation\\Application), Array, Array, NULL)
#42 C:\\Users\\babal\\Dropbox\\PC\\Desktop\\Food-Ordering-System-main\\vendor\\laravel\\framework\\src\\Illuminate\\Console\\Command.php(211): Illuminate\\Container\\Container->call(Array)
#43 C:\\Users\\babal\\Dropbox\\PC\\Desktop\\Food-Ordering-System-main\\vendor\\symfony\\console\\Command\\Command.php(326): Illuminate\\Console\\Command->execute(Object(Symfony\\Component\\Console\\Input\\ArgvInput), Object(Illuminate\\Console\\OutputStyle))
#44 C:\\Users\\babal\\Dropbox\\PC\\Desktop\\Food-Ordering-System-main\\vendor\\laravel\\framework\\src\\Illuminate\\Console\\Command.php(180): Symfony\\Component\\Console\\Command\\Command->run(Object(Symfony\\Component\\Console\\Input\\ArgvInput), Object(Illuminate\\Console\\OutputStyle))
#45 C:\\Users\\babal\\Dropbox\\PC\\Desktop\\Food-Ordering-System-main\\vendor\\symfony\\console\\Application.php(1081): Illuminate\\Console\\Command->run(Object(Symfony\\Component\\Console\\Input\\ArgvInput), Object(Symfony\\Component\\Console\\Output\\ConsoleOutput))
#46 C:\\Users\\babal\\Dropbox\\PC\\Desktop\\Food-Ordering-System-main\\vendor\\symfony\\console\\Application.php(320): Symfony\\Component\\Console\\Application->doRunCommand(Object(Illuminate\\Database\\Console\\Seeds\\SeedCommand), Object(Symfony\\Component\\Console\\Input\\ArgvInput), Object(Symfony\\Component\\Console\\Output\\ConsoleOutput))
#47 C:\\Users\\babal\\Dropbox\\PC\\Desktop\\Food-Ordering-System-main\\vendor\\symfony\\console\\Application.php(174): Symfony\\Component\\Console\\Application->doRun(Object(Symfony\\Component\\Console\\Input\\ArgvInput), Object(Symfony\\Component\\Console\\Output\\ConsoleOutput))
#48 C:\\Users\\babal\\Dropbox\\PC\\Desktop\\Food-Ordering-System-main\\vendor\\laravel\\framework\\src\\Illuminate\\Foundation\\Console\\Kernel.php(201): Symfony\\Component\\Console\\Application->run(Object(Symfony\\Component\\Console\\Input\\ArgvInput), Object(Symfony\\Component\\Console\\Output\\ConsoleOutput))
#49 C:\\Users\\babal\\Dropbox\\PC\\Desktop\\Food-Ordering-System-main\\artisan(35): Illuminate\\Foundation\\Console\\Kernel->handle(Object(Symfony\\Component\\Console\\Input\\ArgvInput), Object(Symfony\\Component\\Console\\Output\\ConsoleOutput))
#50 {main}
"} 
[2025-04-30 08:59:25] local.INFO: array (
  0 => 
  \App\Models\FoodMenu::__set_state(array(
     'connection' => 'mysql',
     'table' => 'food_menus',
     'primaryKey' => 'id',
     'keyType' => 'int',
     'incrementing' => true,
     'with' => 
    array (
    ),
     'withCount' => 
    array (
    ),
     'preventsLazyLoading' => false,
     'perPage' => 15,
     'exists' => true,
     'wasRecentlyCreated' => false,
     'escapeWhenCastingToString' => false,
     'attributes' => 
    array (
      'id' => 1,
      'name' => 'Nasi Lemak Ayam',
      'description' => 'HuFMIErwHZx35sm2YPO4HaklOMV6au8ya7xaHzqucPhYKShb1ss6oEEAdn76sWCAawQCVYfRhUwstnT5EvIaKNfgrZKXQPjBtpFn',
      'price' => '7.00',
      'category_id' => 1,
      'image' => 'images/food-menu/1.png',
      'created_at' => '2025-04-30 08:42:22',
      'updated_at' => '2025-04-30 08:42:22',
    ),
     'original' => 
    array (
      'id' => 1,
      'name' => 'Nasi Lemak Ayam',
      'description' => 'HuFMIErwHZx35sm2YPO4HaklOMV6au8ya7xaHzqucPhYKShb1ss6oEEAdn76sWCAawQCVYfRhUwstnT5EvIaKNfgrZKXQPjBtpFn',
      'price' => '7.00',
      'category_id' => 1,
      'image' => 'images/food-menu/1.png',
      'created_at' => '2025-04-30 08:42:22',
      'updated_at' => '2025-04-30 08:42:22',
    ),
     'changes' => 
    array (
    ),
     'casts' => 
    array (
    ),
     'classCastCache' => 
    array (
    ),
     'attributeCastCache' => 
    array (
    ),
     'dateFormat' => NULL,
     'appends' => 
    array (
    ),
     'dispatchesEvents' => 
    array (
    ),
     'observables' => 
    array (
    ),
     'relations' => 
    array (
    ),
     'touches' => 
    array (
    ),
     'timestamps' => true,
     'usesUniqueIds' => false,
     'hidden' => 
    array (
    ),
     'visible' => 
    array (
    ),
     'fillable' => 
    array (
      0 => 'name',
      1 => 'description',
      2 => 'price',
      3 => 'category_id',
      4 => 'image',
    ),
     'guarded' => 
    array (
      0 => '*',
    ),
  )),
  1 => 
  \App\Models\FoodCategory::__set_state(array(
     'connection' => 'mysql',
     'table' => 'food_categories',
     'primaryKey' => 'id',
     'keyType' => 'int',
     'incrementing' => true,
     'with' => 
    array (
    ),
     'withCount' => 
    array (
    ),
     'preventsLazyLoading' => false,
     'perPage' => 15,
     'exists' => true,
     'wasRecentlyCreated' => false,
     'escapeWhenCastingToString' => false,
     'attributes' => 
    array (
      'id' => 1,
      'name' => 'Malay Cuisine',
      'created_at' => '2025-04-30 08:42:22',
      'updated_at' => '2025-04-30 08:42:22',
    ),
     'original' => 
    array (
      'id' => 1,
      'name' => 'Malay Cuisine',
      'created_at' => '2025-04-30 08:42:22',
      'updated_at' => '2025-04-30 08:42:22',
    ),
     'changes' => 
    array (
    ),
     'casts' => 
    array (
    ),
     'classCastCache' => 
    array (
    ),
     'attributeCastCache' => 
    array (
    ),
     'dateFormat' => NULL,
     'appends' => 
    array (
    ),
     'dispatchesEvents' => 
    array (
    ),
     'observables' => 
    array (
    ),
     'relations' => 
    array (
    ),
     'touches' => 
    array (
    ),
     'timestamps' => true,
     'usesUniqueIds' => false,
     'hidden' => 
    array (
    ),
     'visible' => 
    array (
    ),
     'fillable' => 
    array (
      0 => 'name',
    ),
     'guarded' => 
    array (
      0 => '*',
    ),
  )),
)  
[2025-04-30 08:59:52] local.INFO: array (
  0 => 
  array (
    'name' => 'Chicken Briyan',
    'price' => '200',
  ),
  1 => true,
)  
